// Jest Snapshot v1, https://goo.gl/fbAQLP

exports[`snapshot 1`] = `
<div>
  <form>
    <table>
      <tbody>
        <tr>
          <td
            data-testid="fh_id"
          >
            아이디
          </td>
          <td>
            <input
              data-testid="input_id"
              maxlength="12"
              name="id"
              type="text"
            />
          </td>
          <td>
            <input
              data-testid="btn_idConfirm"
              name="idCheck"
              type="button"
              value="중복체크"
            />
            <span
              data-testid="span_idCheck"
            />
          </td>
        </tr>
        <tr>
          <td
            data-testid="fh_pw"
          >
            비밀번호
          </td>
          <td>
            <input
              data-testid="input_pw"
              maxlength="14"
              name="pw"
              type="password"
            />
          </td>
          <td>
            <span
              data-testid="span_pwCheck"
            />
          </td>
        </tr>
        <tr>
          <td
            data-testid="fh_pwConfirm"
          >
            비밀번호 확인
          </td>
          <td>
            <input
              data-testid="input_pwConfirm"
              maxlength="14"
              name="pwConfirm"
              type="password"
            />
          </td>
          <td>
            <span
              data-testid="span_pwConfirmCheck"
            />
          </td>
        </tr>
        <tr>
          <td
            data-testid="fh_nick"
          >
            닉네임
          </td>
          <td>
            <input
              data-testid="input_nick"
              maxlength="12"
              name="nickname"
              type="text"
            />
          </td>
          <td>
            <input
              data-testid="btn_nickConfirm"
              name="nicknameCheck"
              type="button"
              value="중복체크"
            />
            <span
              data-testid="span_nickCheck"
            />
          </td>
        </tr>
        <tr>
          <td
            data-testid="fh_email"
          >
            이메일
          </td>
          <td>
            <input
              data-testid="input_email"
              maxlength="40"
              name="email"
              type="text"
            />
          </td>
          <td>
            <span
              data-testid="span_emailCheck"
            />
          </td>
        </tr>
      </tbody>
    </table>
    <input
      data-testid="btn_submit"
      type="submit"
      value="가입"
    />
  </form>
</div>
`;
